  1:intranet-if.insa-lyon.fr/temps/4IF16.html (1)
  2:intranet-if.insa-lyon.fr/temps/4IF17.html (1)
  3:intranet-if.insa-lyon.fr/temps/4IF18.html (1)
  4:intranet-if.insa-lyon.fr/temps/4IF19.html (1)
  5:intranet-if.insa-lyon.fr/temps/4IF20.html (1)
