LogManager:fileRead:Error: It was not possible to open this file
