  1:intranet-if.insa-lyon.fr/temps/4IF16.html (2)
  2:intranet-if.insa-lyon.fr/temps/style_emploi_du_temps.css (2)
