  1:intranet-if.insa-lyon.fr/temps/4IF16.html (1)
  2:intranet-if.insa-lyon.fr/temps/4IF17.html (1)
  3:intranet-if.insa-lyon.fr/temps/4IF18.html (1)
  4:intranet-if.insa-lyon.fr/temps/4IF19.html (1)
  5:intranet-if.insa-lyon.fr/temps/4IF20.html (1)
  6:intranet-if.insa-lyon.fr/temps/3IF38.html (1)
  7:intranet-if.insa-lyon.fr/temps/ (1)
  8:intranet-if.insa-lyon.fr/temps/style_emploi_du_temps.css (1)
  9:intranet-if.insa-lyon.fr/temps/InsaIF.ico (1)
 10:intranet-if.insa-lyon.fr/temps/FondInsa.jpg (1)
